MPLINK 4.35, Linker
Linker Map File - Created Thu Apr 14 19:53:40 2011

                                 Section Info
                  Section       Type    Address   Location Size(Bytes)
                ---------  ---------  ---------  ---------  ---------
                   .org_0       code   0x000000    program   0x000000
                   .org_1       code   0x000000    program   0x00015e
     .config_2007_CINTA.O       code   0x002007    program   0x000002



                              Program Memory Usage 
                               Start         End      
                           ---------   ---------      
                            0x000000    0x0000ae      
                            0x002007    0x002007      
            176 out of 1093 program addresses used, program memory utilization is 16%



                              Symbols - Sorted by Name
                     Name    Address   Location    Storage File                     
                ---------  ---------  ---------  --------- ---------                
                  CONTROL   0x00008a    program     static C:\Users\Win7\Desktop\cinta pizzas\cinta.asm
                    DELAY   0x0000ab    program     static C:\Users\Win7\Desktop\cinta pizzas\cinta.asm
                   DELAY2   0x00009f    program     static C:\Users\Win7\Desktop\cinta pizzas\cinta.asm
                   DEMORA   0x00009a    program     static C:\Users\Win7\Desktop\cinta pizzas\cinta.asm
                  ESPAUSA   0x00008c    program     static C:\Users\Win7\Desktop\cinta pizzas\cinta.asm
                   INICIO   0x000006    program     static C:\Users\Win7\Desktop\cinta pizzas\cinta.asm
                     OTRO   0x00009c    program     static C:\Users\Win7\Desktop\cinta pizzas\cinta.asm
                   PDelL1   0x0000a9    program     static C:\Users\Win7\Desktop\cinta pizzas\cinta.asm
                   PDelL2   0x0000aa    program     static C:\Users\Win7\Desktop\cinta pizzas\cinta.asm
                   PLoop1   0x0000a1    program     static C:\Users\Win7\Desktop\cinta pizzas\cinta.asm
                   PLoop2   0x0000a3    program     static C:\Users\Win7\Desktop\cinta pizzas\cinta.asm
                      SW1   0x000009    program     static C:\Users\Win7\Desktop\cinta pizzas\cinta.asm
                      SW2   0x000029    program     static C:\Users\Win7\Desktop\cinta pizzas\cinta.asm
                      SW3   0x00006d    program     static C:\Users\Win7\Desktop\cinta pizzas\cinta.asm
                   VUELTA   0x000090    program     static C:\Users\Win7\Desktop\cinta pizzas\cinta.asm



                              Symbols - Sorted by Address
                     Name    Address   Location    Storage File                     
                ---------  ---------  ---------  --------- ---------                
                   INICIO   0x000006    program     static C:\Users\Win7\Desktop\cinta pizzas\cinta.asm
                      SW1   0x000009    program     static C:\Users\Win7\Desktop\cinta pizzas\cinta.asm
                      SW2   0x000029    program     static C:\Users\Win7\Desktop\cinta pizzas\cinta.asm
                      SW3   0x00006d    program     static C:\Users\Win7\Desktop\cinta pizzas\cinta.asm
                  CONTROL   0x00008a    program     static C:\Users\Win7\Desktop\cinta pizzas\cinta.asm
                  ESPAUSA   0x00008c    program     static C:\Users\Win7\Desktop\cinta pizzas\cinta.asm
                   VUELTA   0x000090    program     static C:\Users\Win7\Desktop\cinta pizzas\cinta.asm
                   DEMORA   0x00009a    program     static C:\Users\Win7\Desktop\cinta pizzas\cinta.asm
                     OTRO   0x00009c    program     static C:\Users\Win7\Desktop\cinta pizzas\cinta.asm
                   DELAY2   0x00009f    program     static C:\Users\Win7\Desktop\cinta pizzas\cinta.asm
                   PLoop1   0x0000a1    program     static C:\Users\Win7\Desktop\cinta pizzas\cinta.asm
                   PLoop2   0x0000a3    program     static C:\Users\Win7\Desktop\cinta pizzas\cinta.asm
                   PDelL1   0x0000a9    program     static C:\Users\Win7\Desktop\cinta pizzas\cinta.asm
                   PDelL2   0x0000aa    program     static C:\Users\Win7\Desktop\cinta pizzas\cinta.asm
                    DELAY   0x0000ab    program     static C:\Users\Win7\Desktop\cinta pizzas\cinta.asm


